2026-09-10 12:21:43.766: [INFO] CurrentProfilePath: C:\Users\kauan\source\repos\RPG-de-Mesa\RPG-de-Mesa\bin\Debug\net10.0-windows10.0.19041.0\win-x64\RPG-de-Mesa.exe.WebView2\EBWebView\Default
2026-09-10 12:21:43.766: [INFO] Profiles total count: 1
2026-09-10 12:21:43.766: [INFO] Profile: name=Perfil 1 path=C:\Users\kauan\source\repos\RPG-de-Mesa\RPG-de-Mesa\bin\Debug\net10.0-windows10.0.19041.0\win-x64\RPG-de-Mesa.exe.WebView2\EBWebView\Default lastActive=null
2026-09-10 12:21:43.766: [INFO] LastUsedProfileDir: C:\Users\kauan\source\repos\RPG-de-Mesa\RPG-de-Mesa\bin\Debug\net10.0-windows10.0.19041.0\win-x64\RPG-de-Mesa.exe.WebView2\EBWebView\Default
2026-09-10 12:21:43.766: [INFO] OnDoneLoading sync enabled: 0
2026-09-10 12:21:43.766: [INFO] BookmarkModelLoaded, ids_reassigned: 0
2026-09-10 12:21:43.766: [INFO] BookmarksLoadDropped droppedNodes=0
2026-09-10 12:21:43.766: [INFO] BookmarksSnapshot Startup total=0 bar=0 other=0 mobile=0 showBar=0 showBarNTP=1
2026-09-10 12:37:18.669: [INFO] BookmarksSnapshot Shutdown total=0 bar=0 other=0 mobile=0 showBar=0 showBarNTP=1
2026-09-10 12:37:34.823: [INFO] CurrentProfilePath: C:\Users\kauan\source\repos\RPG-de-Mesa\RPG-de-Mesa\bin\Debug\net10.0-windows10.0.19041.0\win-x64\RPG-de-Mesa.exe.WebView2\EBWebView\Default
2026-09-10 12:37:34.823: [INFO] Profiles total count: 1
2026-09-10 12:37:34.823: [INFO] Profile: name=Perfil 1 path=C:\Users\kauan\source\repos\RPG-de-Mesa\RPG-de-Mesa\bin\Debug\net10.0-windows10.0.19041.0\win-x64\RPG-de-Mesa.exe.WebView2\EBWebView\Default lastActive=2026-09-10T12:34:41.043Z
2026-09-10 12:37:34.823: [INFO] LastUsedProfileDir: C:\Users\kauan\source\repos\RPG-de-Mesa\RPG-de-Mesa\bin\Debug\net10.0-windows10.0.19041.0\win-x64\RPG-de-Mesa.exe.WebView2\EBWebView\Default
2026-09-10 12:37:34.823: [INFO] MostRecentlyActiveProfile: name=Perfil 1 path=C:\Users\kauan\source\repos\RPG-de-Mesa\RPG-de-Mesa\bin\Debug\net10.0-windows10.0.19041.0\win-x64\RPG-de-Mesa.exe.WebView2\EBWebView\Default lastActive=2026-09-10T12:34:41.043Z
2026-09-10 12:37:34.823: [INFO] OnDoneLoading sync enabled: 0
2026-09-10 12:37:34.823: [INFO] BookmarkModelLoaded, ids_reassigned: 0
2026-09-10 12:37:34.823: [INFO] BookmarksLoadDropped droppedNodes=0
2026-09-10 12:37:34.823: [INFO] BookmarksSnapshot Startup total=0 bar=0 other=0 mobile=0 showBar=0 showBarNTP=1
2026-09-10 12:37:37.058: [INFO] BookmarksSnapshot Shutdown total=0 bar=0 other=0 mobile=0 showBar=0 showBarNTP=1
2026-09-10 12:42:08.214: [INFO] CurrentProfilePath: C:\Users\kauan\source\repos\RPG-de-Mesa\RPG-de-Mesa\bin\Debug\net10.0-windows10.0.19041.0\win-x64\RPG-de-Mesa.exe.WebView2\EBWebView\Default
2026-09-10 12:42:08.214: [INFO] Profiles total count: 1
2026-09-10 12:42:08.214: [INFO] Profile: name=Perfil 1 path=C:\Users\kauan\source\repos\RPG-de-Mesa\RPG-de-Mesa\bin\Debug\net10.0-windows10.0.19041.0\win-x64\RPG-de-Mesa.exe.WebView2\EBWebView\Default lastActive=2026-09-10T12:37:35.138Z
2026-09-10 12:42:08.214: [INFO] LastUsedProfileDir: C:\Users\kauan\source\repos\RPG-de-Mesa\RPG-de-Mesa\bin\Debug\net10.0-windows10.0.19041.0\win-x64\RPG-de-Mesa.exe.WebView2\EBWebView\Default
2026-09-10 12:42:08.214: [INFO] MostRecentlyActiveProfile: name=Perfil 1 path=C:\Users\kauan\source\repos\RPG-de-Mesa\RPG-de-Mesa\bin\Debug\net10.0-windows10.0.19041.0\win-x64\RPG-de-Mesa.exe.WebView2\EBWebView\Default lastActive=2026-09-10T12:37:35.138Z
2026-09-10 12:42:08.214: [INFO] OnDoneLoading sync enabled: 0
2026-09-10 12:42:08.214: [INFO] BookmarkModelLoaded, ids_reassigned: 0
2026-09-10 12:42:08.214: [INFO] BookmarksLoadDropped droppedNodes=0
2026-09-10 12:42:08.214: [INFO] BookmarksSnapshot Startup total=0 bar=0 other=0 mobile=0 showBar=0 showBarNTP=1
2026-09-10 12:43:08.625: [INFO] BookmarksSnapshot Shutdown total=0 bar=0 other=0 mobile=0 showBar=0 showBarNTP=1
2026-09-10 12:43:13.758: [INFO] CurrentProfilePath: C:\Users\kauan\source\repos\RPG-de-Mesa\RPG-de-Mesa\bin\Debug\net10.0-windows10.0.19041.0\win-x64\RPG-de-Mesa.exe.WebView2\EBWebView\Default
2026-09-10 12:43:13.758: [INFO] Profiles total count: 1
2026-09-10 12:43:13.758: [INFO] Profile: name=Perfil 1 path=C:\Users\kauan\source\repos\RPG-de-Mesa\RPG-de-Mesa\bin\Debug\net10.0-windows10.0.19041.0\win-x64\RPG-de-Mesa.exe.WebView2\EBWebView\Default lastActive=2026-09-10T12:42:08.545Z
2026-09-10 12:43:13.758: [INFO] LastUsedProfileDir: C:\Users\kauan\source\repos\RPG-de-Mesa\RPG-de-Mesa\bin\Debug\net10.0-windows10.0.19041.0\win-x64\RPG-de-Mesa.exe.WebView2\EBWebView\Default
2026-09-10 12:43:13.758: [INFO] MostRecentlyActiveProfile: name=Perfil 1 path=C:\Users\kauan\source\repos\RPG-de-Mesa\RPG-de-Mesa\bin\Debug\net10.0-windows10.0.19041.0\win-x64\RPG-de-Mesa.exe.WebView2\EBWebView\Default lastActive=2026-09-10T12:42:08.545Z
2026-09-10 12:43:13.758: [INFO] OnDoneLoading sync enabled: 0
2026-09-10 12:43:13.758: [INFO] BookmarkModelLoaded, ids_reassigned: 0
2026-09-10 12:43:13.758: [INFO] BookmarksLoadDropped droppedNodes=0
2026-09-10 12:43:13.758: [INFO] BookmarksSnapshot Startup total=0 bar=0 other=0 mobile=0 showBar=0 showBarNTP=1
2026-09-10 12:44:35.240: [INFO] BookmarksSnapshot Shutdown total=0 bar=0 other=0 mobile=0 showBar=0 showBarNTP=1
2026-09-10 12:44:46.905: [INFO] CurrentProfilePath: C:\Users\kauan\source\repos\RPG-de-Mesa\RPG-de-Mesa\bin\Debug\net10.0-windows10.0.19041.0\win-x64\RPG-de-Mesa.exe.WebView2\EBWebView\Default
2026-09-10 12:44:46.905: [INFO] Profiles total count: 1
2026-09-10 12:44:46.905: [INFO] Profile: name=Perfil 1 path=C:\Users\kauan\source\repos\RPG-de-Mesa\RPG-de-Mesa\bin\Debug\net10.0-windows10.0.19041.0\win-x64\RPG-de-Mesa.exe.WebView2\EBWebView\Default lastActive=2026-09-10T12:43:28.154Z
2026-09-10 12:44:46.905: [INFO] LastUsedProfileDir: C:\Users\kauan\source\repos\RPG-de-Mesa\RPG-de-Mesa\bin\Debug\net10.0-windows10.0.19041.0\win-x64\RPG-de-Mesa.exe.WebView2\EBWebView\Default
2026-09-10 12:44:46.905: [INFO] MostRecentlyActiveProfile: name=Perfil 1 path=C:\Users\kauan\source\repos\RPG-de-Mesa\RPG-de-Mesa\bin\Debug\net10.0-windows10.0.19041.0\win-x64\RPG-de-Mesa.exe.WebView2\EBWebView\Default lastActive=2026-09-10T12:43:28.154Z
2026-09-10 12:44:46.905: [INFO] OnDoneLoading sync enabled: 0
2026-09-10 12:44:46.905: [INFO] BookmarkModelLoaded, ids_reassigned: 0
2026-09-10 12:44:46.905: [INFO] BookmarksLoadDropped droppedNodes=0
2026-09-10 12:44:46.905: [INFO] BookmarksSnapshot Startup total=0 bar=0 other=0 mobile=0 showBar=0 showBarNTP=1
2026-09-10 12:45:15.842: [INFO] BookmarksSnapshot Shutdown total=0 bar=0 other=0 mobile=0 showBar=0 showBarNTP=1
2026-09-10 12:52:32.605: [INFO] CurrentProfilePath: C:\Users\kauan\source\repos\RPG-de-Mesa\RPG-de-Mesa\bin\Debug\net10.0-windows10.0.19041.0\win-x64\RPG-de-Mesa.exe.WebView2\EBWebView\Default
2026-09-10 12:52:32.605: [INFO] Profiles total count: 1
2026-09-10 12:52:32.605: [INFO] Profile: name=Perfil 1 path=C:\Users\kauan\source\repos\RPG-de-Mesa\RPG-de-Mesa\bin\Debug\net10.0-windows10.0.19041.0\win-x64\RPG-de-Mesa.exe.WebView2\EBWebView\Default lastActive=2026-09-10T12:44:47.306Z
2026-09-10 12:52:32.605: [INFO] LastUsedProfileDir: C:\Users\kauan\source\repos\RPG-de-Mesa\RPG-de-Mesa\bin\Debug\net10.0-windows10.0.19041.0\win-x64\RPG-de-Mesa.exe.WebView2\EBWebView\Default
2026-09-10 12:52:32.605: [INFO] MostRecentlyActiveProfile: name=Perfil 1 path=C:\Users\kauan\source\repos\RPG-de-Mesa\RPG-de-Mesa\bin\Debug\net10.0-windows10.0.19041.0\win-x64\RPG-de-Mesa.exe.WebView2\EBWebView\Default lastActive=2026-09-10T12:44:47.306Z
2026-09-10 12:52:32.605: [INFO] OnDoneLoading sync enabled: 0
2026-09-10 12:52:32.605: [INFO] BookmarkModelLoaded, ids_reassigned: 0
2026-09-10 12:52:32.605: [INFO] BookmarksLoadDropped droppedNodes=0
2026-09-10 12:52:32.605: [INFO] BookmarksSnapshot Startup total=0 bar=0 other=0 mobile=0 showBar=0 showBarNTP=1
2026-09-10 12:57:08.835: [INFO] BookmarksSnapshot Shutdown total=0 bar=0 other=0 mobile=0 showBar=0 showBarNTP=1
2026-09-10 12:57:24.284: [INFO] CurrentProfilePath: C:\Users\kauan\source\repos\RPG-de-Mesa\RPG-de-Mesa\bin\Debug\net10.0-windows10.0.19041.0\win-x64\RPG-de-Mesa.exe.WebView2\EBWebView\Default
2026-09-10 12:57:24.284: [INFO] Profiles total count: 1
2026-09-10 12:57:24.284: [INFO] Profile: name=Perfil 1 path=C:\Users\kauan\source\repos\RPG-de-Mesa\RPG-de-Mesa\bin\Debug\net10.0-windows10.0.19041.0\win-x64\RPG-de-Mesa.exe.WebView2\EBWebView\Default lastActive=2026-09-10T12:52:32.995Z
2026-09-10 12:57:24.284: [INFO] LastUsedProfileDir: C:\Users\kauan\source\repos\RPG-de-Mesa\RPG-de-Mesa\bin\Debug\net10.0-windows10.0.19041.0\win-x64\RPG-de-Mesa.exe.WebView2\EBWebView\Default
2026-09-10 12:57:24.284: [INFO] MostRecentlyActiveProfile: name=Perfil 1 path=C:\Users\kauan\source\repos\RPG-de-Mesa\RPG-de-Mesa\bin\Debug\net10.0-windows10.0.19041.0\win-x64\RPG-de-Mesa.exe.WebView2\EBWebView\Default lastActive=2026-09-10T12:52:32.995Z
2026-09-10 12:57:24.284: [INFO] OnDoneLoading sync enabled: 0
2026-09-10 12:57:24.284: [INFO] BookmarkModelLoaded, ids_reassigned: 0
2026-09-10 12:57:24.284: [INFO] BookmarksLoadDropped droppedNodes=0
2026-09-10 12:57:24.284: [INFO] BookmarksSnapshot Startup total=0 bar=0 other=0 mobile=0 showBar=0 showBarNTP=1
2026-09-10 13:06:51.699: [INFO] BookmarksSnapshot Shutdown total=0 bar=0 other=0 mobile=0 showBar=0 showBarNTP=1
2026-09-10 13:23:01.591: [INFO] CurrentProfilePath: C:\Users\kauan\source\repos\RPG-de-Mesa\RPG-de-Mesa\bin\Debug\net10.0-windows10.0.19041.0\win-x64\RPG-de-Mesa.exe.WebView2\EBWebView\Default
2026-09-10 13:23:01.591: [INFO] Profiles total count: 1
2026-09-10 13:23:01.591: [INFO] Profile: name=Perfil 1 path=C:\Users\kauan\source\repos\RPG-de-Mesa\RPG-de-Mesa\bin\Debug\net10.0-windows10.0.19041.0\win-x64\RPG-de-Mesa.exe.WebView2\EBWebView\Default lastActive=2026-09-10T13:04:18.732Z
2026-09-10 13:23:01.591: [INFO] LastUsedProfileDir: C:\Users\kauan\source\repos\RPG-de-Mesa\RPG-de-Mesa\bin\Debug\net10.0-windows10.0.19041.0\win-x64\RPG-de-Mesa.exe.WebView2\EBWebView\Default
2026-09-10 13:23:01.591: [INFO] MostRecentlyActiveProfile: name=Perfil 1 path=C:\Users\kauan\source\repos\RPG-de-Mesa\RPG-de-Mesa\bin\Debug\net10.0-windows10.0.19041.0\win-x64\RPG-de-Mesa.exe.WebView2\EBWebView\Default lastActive=2026-09-10T13:04:18.732Z
2026-09-10 13:23:01.591: [INFO] OnDoneLoading sync enabled: 0
2026-09-10 13:23:01.591: [INFO] BookmarkModelLoaded, ids_reassigned: 0
2026-09-10 13:23:01.591: [INFO] BookmarksLoadDropped droppedNodes=0
2026-09-10 13:23:01.591: [INFO] BookmarksSnapshot Startup total=0 bar=0 other=0 mobile=0 showBar=0 showBarNTP=1
2026-09-10 13:25:51.505: [INFO] BookmarksSnapshot Shutdown total=0 bar=0 other=0 mobile=0 showBar=0 showBarNTP=1
2026-09-10 13:26:02.627: [INFO] CurrentProfilePath: C:\Users\kauan\source\repos\RPG-de-Mesa\RPG-de-Mesa\bin\Debug\net10.0-windows10.0.19041.0\win-x64\RPG-de-Mesa.exe.WebView2\EBWebView\Default
2026-09-10 13:26:02.627: [INFO] Profiles total count: 1
2026-09-10 13:26:02.627: [INFO] Profile: name=Perfil 1 path=C:\Users\kauan\source\repos\RPG-de-Mesa\RPG-de-Mesa\bin\Debug\net10.0-windows10.0.19041.0\win-x64\RPG-de-Mesa.exe.WebView2\EBWebView\Default lastActive=2026-09-10T13:23:01.701Z
2026-09-10 13:26:02.627: [INFO] LastUsedProfileDir: C:\Users\kauan\source\repos\RPG-de-Mesa\RPG-de-Mesa\bin\Debug\net10.0-windows10.0.19041.0\win-x64\RPG-de-Mesa.exe.WebView2\EBWebView\Default
2026-09-10 13:26:02.627: [INFO] MostRecentlyActiveProfile: name=Perfil 1 path=C:\Users\kauan\source\repos\RPG-de-Mesa\RPG-de-Mesa\bin\Debug\net10.0-windows10.0.19041.0\win-x64\RPG-de-Mesa.exe.WebView2\EBWebView\Default lastActive=2026-09-10T13:23:01.701Z
2026-09-10 13:26:02.627: [INFO] OnDoneLoading sync enabled: 0
2026-09-10 13:26:02.627: [INFO] BookmarkModelLoaded, ids_reassigned: 0
2026-09-10 13:26:02.627: [INFO] BookmarksLoadDropped droppedNodes=0
2026-09-10 13:26:02.627: [INFO] BookmarksSnapshot Startup total=0 bar=0 other=0 mobile=0 showBar=0 showBarNTP=1
2026-09-10 13:38:31.968: [INFO] BookmarksSnapshot Shutdown total=0 bar=0 other=0 mobile=0 showBar=0 showBarNTP=1
2026-09-10 13:38:58.307: [INFO] CurrentProfilePath: C:\Users\kauan\source\repos\RPG-de-Mesa\RPG-de-Mesa\bin\Debug\net10.0-windows10.0.19041.0\win-x64\RPG-de-Mesa.exe.WebView2\EBWebView\Default
2026-09-10 13:38:58.307: [INFO] Profiles total count: 1
2026-09-10 13:38:58.307: [INFO] Profile: name=Perfil 1 path=C:\Users\kauan\source\repos\RPG-de-Mesa\RPG-de-Mesa\bin\Debug\net10.0-windows10.0.19041.0\win-x64\RPG-de-Mesa.exe.WebView2\EBWebView\Default lastActive=2026-09-10T13:29:37.230Z
2026-09-10 13:38:58.307: [INFO] LastUsedProfileDir: C:\Users\kauan\source\repos\RPG-de-Mesa\RPG-de-Mesa\bin\Debug\net10.0-windows10.0.19041.0\win-x64\RPG-de-Mesa.exe.WebView2\EBWebView\Default
2026-09-10 13:38:58.307: [INFO] MostRecentlyActiveProfile: name=Perfil 1 path=C:\Users\kauan\source\repos\RPG-de-Mesa\RPG-de-Mesa\bin\Debug\net10.0-windows10.0.19041.0\win-x64\RPG-de-Mesa.exe.WebView2\EBWebView\Default lastActive=2026-09-10T13:29:37.230Z
2026-09-10 13:38:58.307: [INFO] OnDoneLoading sync enabled: 0
2026-09-10 13:38:58.307: [INFO] BookmarkModelLoaded, ids_reassigned: 0
2026-09-10 13:38:58.307: [INFO] BookmarksLoadDropped droppedNodes=0
2026-09-10 13:38:58.307: [INFO] BookmarksSnapshot Startup total=0 bar=0 other=0 mobile=0 showBar=0 showBarNTP=1
2026-09-10 13:38:58.485: [INFO] BookmarksSnapshot Shutdown total=0 bar=0 other=0 mobile=0 showBar=0 showBarNTP=1
